// Jest Snapshot v1, https://goo.gl/fbAQLP

exports[`Snapshot, container renders correctly Matches the snapshot 1`] = `
<div
  className="App"
>
  <div
    className="calc-wrapper"
  >
    <div>
      <span
        className="input"
      >
        0
      </span>
    </div>
    <div
      className="row"
    >
      <button
        className="button"
        onClick={[Function]}
      >
        7
      </button>
      <button
        className="button"
        onClick={[Function]}
      >
        8
      </button>
      <button
        className="button"
        onClick={[Function]}
      >
        9
      </button>
      <button
        className="button-operator"
        onClick={[Function]}
      >
        +
      </button>
    </div>
    <div
      className="row"
    >
      <button
        className="button"
        onClick={[Function]}
      >
        4
      </button>
      <button
        className="button"
        onClick={[Function]}
      >
        5
      </button>
      <button
        className="button"
        onClick={[Function]}
      >
        6
      </button>
      <button
        className="button-operator"
        onClick={[Function]}
      >
        /
      </button>
    </div>
    <div
      className="row"
    >
      <button
        className="button"
        onClick={[Function]}
      >
        1
      </button>
      <button
        className="button"
        onClick={[Function]}
      >
        2
      </button>
      <button
        className="button"
        onClick={[Function]}
      >
        3
      </button>
      <button
        className="button-operator"
        onClick={[Function]}
      >
        *
      </button>
    </div>
    <div
      className="row"
    >
      <button
        className="button"
        onClick={[Function]}
      >
        0
      </button>
      <button
        className="button"
        onClick={[Function]}
      >
        .
      </button>
      <button
        className="button"
        onClick={[Function]}
      >
        =
      </button>
      <button
        className="button-operator"
        onClick={[Function]}
      >
        -
      </button>
    </div>
    <div
      className="row"
    >
      <button
        className="button-operator"
        onClick={[Function]}
      >
        C
      </button>
    </div>
  </div>
</div>
`;
